// Jest Snapshot v1, https://goo.gl/fbAQLP

exports[`<ResultsCard /> should render empty ResultsCard correctly 1`] = `
<div
  className="h-auto w-full bg-white shadow rounded-md p-8 mt-6 grid col-span-1 sm:mb-4"
>
  <h2
    className="text-2xl font-bold mb-2"
  >
    Results 
  </h2>
  <div
    className=""
    id="displayResults"
  >
    <div>
      <p
        className=" text-gray-500"
      >
        Start searching to find a movie to nominate
      </p>
    </div>
  </div>
  <div
    className="text-gray-700 "
  />
</div>
`;
